OpenJDK 64-Bit Server VM (25.191-b12) for linux-amd64 JRE (1.8.0_191-8u191-b12-2ubuntu0.18.04.1-b12), built on Jan 14 2019 21:02:00 by "buildd" with gcc 7.3.0
Memory: 4k page, physical 7652352k(4312632k free), swap 0k(0k free)
CommandLine flags: -XX:+DisableExplicitGC -XX:InitialHeapSize=1073741824 -XX:InitiatingHeapOccupancyPercent=35 -XX:+ManagementServer -XX:MaxGCPauseMillis=20 -XX:MaxHeapSize=1073741824 -XX:+PrintGC -XX:+PrintGCDateStamps -XX:+PrintGCDetails -XX:+PrintGCTimeStamps -XX:+UseCompressedClassPointers -XX:+UseCompressedOops -XX:+UseG1GC 
2019-04-01T18:20:32.417+0000: 1.098: [GC pause (G1 Evacuation Pause) (young), 0.0179453 secs]
   [Parallel Time: 8.9 ms, GC Workers: 2]
      [GC Worker Start (ms): Min: 1097.8, Avg: 1097.8, Max: 1097.8, Diff: 0.0]
      [Ext Root Scanning (ms): Min: 1.9, Avg: 2.2, Max: 2.6, Diff: 0.7, Sum: 4.5]
      [Update RS (ms): Min: 0.0, Avg: 0.0, Max: 0.0, Diff: 0.0, Sum: 0.0]
         [Processed Buffers: Min: 0, Avg: 0.0, Max: 0, Diff: 0, Sum: 0]
      [Scan RS (ms): Min: 0.0, Avg: 0.0, Max: 0.0, Diff: 0.0, Sum: 0.0]
      [Code Root Scanning (ms): Min: 0.2, Avg: 0.3, Max: 0.5, Diff: 0.3, Sum: 0.7]
      [Object Copy (ms): Min: 5.7, Avg: 6.2, Max: 6.7, Diff: 1.1, Sum: 12.4]
      [Termination (ms): Min: 0.0, Avg: 0.0, Max: 0.0, Diff: 0.0, Sum: 0.0]
         [Termination Attempts: Min: 1, Avg: 1.0, Max: 1, Diff: 0, Sum: 2]
      [GC Worker Other (ms): Min: 0.0, Avg: 0.0, Max: 0.0, Diff: 0.0, Sum: 0.0]
      [GC Worker Total (ms): Min: 8.8, Avg: 8.8, Max: 8.8, Diff: 0.0, Sum: 17.6]
      [GC Worker End (ms): Min: 1106.6, Avg: 1106.6, Max: 1106.6, Diff: 0.0]
   [Code Root Fixup: 0.1 ms]
   [Code Root Purge: 0.0 ms]
   [Clear CT: 0.1 ms]
   [Other: 8.9 ms]
      [Choose CSet: 0.0 ms]
      [Ref Proc: 8.2 ms]
      [Ref Enq: 0.0 ms]
      [Redirty Cards: 0.1 ms]
      [Humongous Register: 0.1 ms]
      [Humongous Reclaim: 0.0 ms]
      [Free CSet: 0.1 ms]
   [Eden: 51.0M(51.0M)->0.0B(44.0M) Survivors: 0.0B->7168.0K Heap: 51.0M(1024.0M)->7654.0K(1024.0M)]
 [Times: user=0.02 sys=0.00, real=0.02 secs] 
2019-04-01T18:20:33.198+0000: 1.879: [GC pause (G1 Evacuation Pause) (young), 0.0114497 secs]
   [Parallel Time: 8.5 ms, GC Workers: 2]
      [GC Worker Start (ms): Min: 1879.2, Avg: 1879.2, Max: 1879.2, Diff: 0.0]
      [Ext Root Scanning (ms): Min: 1.8, Avg: 2.0, Max: 2.1, Diff: 0.3, Sum: 4.0]
      [Update RS (ms): Min: 0.0, Avg: 0.1, Max: 0.2, Diff: 0.2, Sum: 0.2]
         [Processed Buffers: Min: 0, Avg: 0.5, Max: 1, Diff: 1, Sum: 1]
      [Scan RS (ms): Min: 0.0, Avg: 0.0, Max: 0.0, Diff: 0.0, Sum: 0.0]
      [Code Root Scanning (ms): Min: 0.1, Avg: 0.6, Max: 1.2, Diff: 1.1, Sum: 1.3]
      [Object Copy (ms): Min: 5.3, Avg: 5.6, Max: 6.0, Diff: 0.6, Sum: 11.3]
      [Termination (ms): Min: 0.0, Avg: 0.0, Max: 0.0, Diff: 0.0, Sum: 0.0]
         [Termination Attempts: Min: 1, Avg: 1.0, Max: 1, Diff: 0, Sum: 2]
      [GC Worker Other (ms): Min: 0.0, Avg: 0.0, Max: 0.0, Diff: 0.0, Sum: 0.0]
      [GC Worker Total (ms): Min: 8.4, Avg: 8.4, Max: 8.4, Diff: 0.0, Sum: 16.8]
      [GC Worker End (ms): Min: 1887.6, Avg: 1887.6, Max: 1887.6, Diff: 0.0]
   [Code Root Fixup: 0.1 ms]
   [Code Root Purge: 0.0 ms]
   [Clear CT: 0.1 ms]
   [Other: 2.8 ms]
      [Choose CSet: 0.0 ms]
      [Ref Proc: 2.2 ms]
      [Ref Enq: 0.0 ms]
      [Redirty Cards: 0.1 ms]
      [Humongous Register: 0.1 ms]
      [Humongous Reclaim: 0.0 ms]
      [Free CSet: 0.1 ms]
   [Eden: 44.0M(44.0M)->0.0B(44.0M) Survivors: 7168.0K->7168.0K Heap: 179.5M(1024.0M)->136.3M(1024.0M)]
 [Times: user=0.02 sys=0.00, real=0.01 secs] 
2019-04-01T18:20:33.432+0000: 2.113: [GC pause (Metadata GC Threshold) (young) (initial-mark), 0.0120935 secs]
   [Parallel Time: 10.8 ms, GC Workers: 2]
      [GC Worker Start (ms): Min: 2113.3, Avg: 2113.3, Max: 2113.3, Diff: 0.0]
      [Ext Root Scanning (ms): Min: 2.3, Avg: 2.3, Max: 2.3, Diff: 0.0, Sum: 4.6]
      [Update RS (ms): Min: 0.1, Avg: 0.2, Max: 0.2, Diff: 0.0, Sum: 0.3]
         [Processed Buffers: Min: 1, Avg: 1.0, Max: 1, Diff: 0, Sum: 2]
      [Scan RS (ms): Min: 0.0, Avg: 0.0, Max: 0.0, Diff: 0.0, Sum: 0.0]
      [Code Root Scanning (ms): Min: 0.1, Avg: 0.8, Max: 1.4, Diff: 1.3, Sum: 1.5]
      [Object Copy (ms): Min: 6.8, Avg: 7.5, Max: 8.1, Diff: 1.4, Sum: 14.9]
      [Termination (ms): Min: 0.0, Avg: 0.0, Max: 0.0, Diff: 0.0, Sum: 0.0]
         [Termination Attempts: Min: 1, Avg: 1.0, Max: 1, Diff: 0, Sum: 2]
      [GC Worker Other (ms): Min: 0.0, Avg: 0.0, Max: 0.0, Diff: 0.0, Sum: 0.0]
      [GC Worker Total (ms): Min: 10.7, Avg: 10.7, Max: 10.7, Diff: 0.0, Sum: 21.4]
      [GC Worker End (ms): Min: 2124.0, Avg: 2124.0, Max: 2124.0, Diff: 0.0]
   [Code Root Fixup: 0.1 ms]
   [Code Root Purge: 0.0 ms]
   [Clear CT: 0.0 ms]
   [Other: 1.1 ms]
      [Choose CSet: 0.0 ms]
      [Ref Proc: 0.7 ms]
      [Ref Enq: 0.0 ms]
      [Redirty Cards: 0.0 ms]
      [Humongous Register: 0.0 ms]
      [Humongous Reclaim: 0.0 ms]
      [Free CSet: 0.1 ms]
   [Eden: 17.0M(44.0M)->0.0B(47.0M) Survivors: 7168.0K->4096.0K Heap: 153.2M(1024.0M)->136.0M(1024.0M)]
 [Times: user=0.02 sys=0.00, real=0.01 secs] 
2019-04-01T18:20:33.444+0000: 2.125: [GC concurrent-root-region-scan-start]
2019-04-01T18:20:33.450+0000: 2.131: [GC concurrent-root-region-scan-end, 0.0057364 secs]
2019-04-01T18:20:33.450+0000: 2.131: [GC concurrent-mark-start]
2019-04-01T18:20:33.465+0000: 2.146: [GC concurrent-mark-end, 0.0144008 secs]
2019-04-01T18:20:33.466+0000: 2.147: [GC remark 2019-04-01T18:20:33.466+0000: 2.147: [Finalize Marking, 0.0001026 secs] 2019-04-01T18:20:33.466+0000: 2.147: [GC ref-proc, 0.0001963 secs] 2019-04-01T18:20:33.466+0000: 2.147: [Unloading, 0.0055125 secs], 0.0072560 secs]
 [Times: user=0.00 sys=0.00, real=0.00 secs] 
2019-04-01T18:20:33.475+0000: 2.156: [GC cleanup 137M->136M(1024M), 0.0012304 secs]
 [Times: user=0.00 sys=0.00, real=0.00 secs] 
2019-04-01T18:20:33.476+0000: 2.157: [GC concurrent-cleanup-start]
2019-04-01T18:20:33.476+0000: 2.157: [GC concurrent-cleanup-end, 0.0000212 secs]
2019-04-01T18:42:06.756+0000: 1295.437: [GC pause (G1 Evacuation Pause) (young), 0.0103021 secs]
   [Parallel Time: 7.5 ms, GC Workers: 2]
      [GC Worker Start (ms): Min: 1295437.5, Avg: 1295437.5, Max: 1295437.5, Diff: 0.0]
      [Ext Root Scanning (ms): Min: 1.2, Avg: 1.5, Max: 1.7, Diff: 0.5, Sum: 2.9]
      [Update RS (ms): Min: 0.4, Avg: 0.5, Max: 0.5, Diff: 0.1, Sum: 0.9]
         [Processed Buffers: Min: 2, Avg: 12.0, Max: 22, Diff: 20, Sum: 24]
      [Scan RS (ms): Min: 0.4, Avg: 0.5, Max: 0.6, Diff: 0.3, Sum: 1.0]
      [Code Root Scanning (ms): Min: 0.2, Avg: 0.5, Max: 0.8, Diff: 0.6, Sum: 0.9]
      [Object Copy (ms): Min: 4.1, Avg: 4.4, Max: 4.8, Diff: 0.7, Sum: 8.9]
      [Termination (ms): Min: 0.0, Avg: 0.0, Max: 0.1, Diff: 0.1, Sum: 0.1]
         [Termination Attempts: Min: 1, Avg: 1.0, Max: 1, Diff: 0, Sum: 2]
      [GC Worker Other (ms): Min: 0.0, Avg: 0.0, Max: 0.0, Diff: 0.0, Sum: 0.0]
      [GC Worker Total (ms): Min: 7.4, Avg: 7.4, Max: 7.4, Diff: 0.0, Sum: 14.8]
      [GC Worker End (ms): Min: 1295444.9, Avg: 1295444.9, Max: 1295444.9, Diff: 0.0]
   [Code Root Fixup: 0.1 ms]
   [Code Root Purge: 0.0 ms]
   [Clear CT: 0.1 ms]
   [Other: 2.7 ms]
      [Choose CSet: 0.0 ms]
      [Ref Proc: 1.2 ms]
      [Ref Enq: 0.0 ms]
      [Redirty Cards: 0.1 ms]
      [Humongous Register: 0.7 ms]
      [Humongous Reclaim: 0.0 ms]
      [Free CSet: 0.2 ms]
   [Eden: 47.0M(47.0M)->0.0B(47.0M) Survivors: 4096.0K->4096.0K Heap: 182.0M(1024.0M)->135.5M(1024.0M)]
 [Times: user=0.01 sys=0.00, real=0.02 secs] 
2019-04-01T19:06:46.329+0000: 2775.010: [GC pause (G1 Evacuation Pause) (young), 0.0096584 secs]
   [Parallel Time: 7.5 ms, GC Workers: 2]
      [GC Worker Start (ms): Min: 2775011.0, Avg: 2775011.1, Max: 2775011.1, Diff: 0.0]
      [Ext Root Scanning (ms): Min: 1.4, Avg: 1.5, Max: 1.6, Diff: 0.2, Sum: 3.0]
      [Update RS (ms): Min: 0.4, Avg: 0.5, Max: 0.5, Diff: 0.1, Sum: 0.9]
         [Processed Buffers: Min: 1, Avg: 6.5, Max: 12, Diff: 11, Sum: 13]
      [Scan RS (ms): Min: 0.0, Avg: 0.0, Max: 0.0, Diff: 0.0, Sum: 0.0]
      [Code Root Scanning (ms): Min: 0.0, Avg: 0.5, Max: 1.0, Diff: 0.9, Sum: 1.0]
      [Object Copy (ms): Min: 4.6, Avg: 4.9, Max: 5.3, Diff: 0.7, Sum: 9.8]
      [Termination (ms): Min: 0.0, Avg: 0.0, Max: 0.0, Diff: 0.0, Sum: 0.0]
         [Termination Attempts: Min: 1, Avg: 1.0, Max: 1, Diff: 0, Sum: 2]
      [GC Worker Other (ms): Min: 0.0, Avg: 0.0, Max: 0.0, Diff: 0.0, Sum: 0.0]
      [GC Worker Total (ms): Min: 7.4, Avg: 7.4, Max: 7.4, Diff: 0.0, Sum: 14.8]
      [GC Worker End (ms): Min: 2775018.5, Avg: 2775018.5, Max: 2775018.5, Diff: 0.0]
   [Code Root Fixup: 0.1 ms]
   [Code Root Purge: 0.0 ms]
   [Clear CT: 0.1 ms]
   [Other: 2.1 ms]
      [Choose CSet: 0.0 ms]
      [Ref Proc: 0.5 ms]
      [Ref Enq: 0.0 ms]
      [Redirty Cards: 0.1 ms]
      [Humongous Register: 0.8 ms]
      [Humongous Reclaim: 0.0 ms]
      [Free CSet: 0.1 ms]
   [Eden: 47.0M(47.0M)->0.0B(45.0M) Survivors: 4096.0K->6144.0K Heap: 182.5M(1024.0M)->137.0M(1024.0M)]
 [Times: user=0.02 sys=0.00, real=0.01 secs] 
2019-04-01T19:07:15.326+0000: 2804.006: [GC pause (G1 Evacuation Pause) (young), 0.0140701 secs]
   [Parallel Time: 12.3 ms, GC Workers: 2]
      [GC Worker Start (ms): Min: 2804006.8, Avg: 2804006.8, Max: 2804006.8, Diff: 0.0]
      [Ext Root Scanning (ms): Min: 1.0, Avg: 1.2, Max: 1.4, Diff: 0.3, Sum: 2.4]
      [Update RS (ms): Min: 0.9, Avg: 0.9, Max: 0.9, Diff: 0.0, Sum: 1.9]
         [Processed Buffers: Min: 14, Avg: 16.5, Max: 19, Diff: 5, Sum: 33]
      [Scan RS (ms): Min: 0.3, Avg: 0.3, Max: 0.3, Diff: 0.0, Sum: 0.6]
      [Code Root Scanning (ms): Min: 0.0, Avg: 0.4, Max: 0.8, Diff: 0.8, Sum: 0.9]
      [Object Copy (ms): Min: 6.1, Avg: 7.2, Max: 8.2, Diff: 2.1, Sum: 14.3]
      [Termination (ms): Min: 0.0, Avg: 1.9, Max: 3.8, Diff: 3.8, Sum: 3.8]
         [Termination Attempts: Min: 1, Avg: 1.0, Max: 1, Diff: 0, Sum: 2]
      [GC Worker Other (ms): Min: 0.0, Avg: 0.0, Max: 0.0, Diff: 0.0, Sum: 0.0]
      [GC Worker Total (ms): Min: 11.6, Avg: 11.9, Max: 12.2, Diff: 0.6, Sum: 23.9]
      [GC Worker End (ms): Min: 2804018.4, Avg: 2804018.7, Max: 2804019.0, Diff: 0.6]
   [Code Root Fixup: 0.1 ms]
   [Code Root Purge: 0.0 ms]
   [Clear CT: 0.1 ms]
   [Other: 1.6 ms]
      [Choose CSet: 0.0 ms]
      [Ref Proc: 0.9 ms]
      [Ref Enq: 0.0 ms]
      [Redirty Cards: 0.0 ms]
      [Humongous Register: 0.2 ms]
      [Humongous Reclaim: 0.0 ms]
      [Free CSet: 0.1 ms]
   [Eden: 45.0M(45.0M)->0.0B(48.0M) Survivors: 6144.0K->3072.0K Heap: 193.9M(1024.0M)->135.5M(1024.0M)]
 [Times: user=0.01 sys=0.01, real=0.02 secs] 
2019-04-01T19:07:45.318+0000: 2833.998: [GC pause (G1 Evacuation Pause) (young), 0.0309884 secs]
   [Parallel Time: 28.9 ms, GC Workers: 2]
      [GC Worker Start (ms): Min: 2833998.9, Avg: 2834000.5, Max: 2834002.2, Diff: 3.3]
      [Ext Root Scanning (ms): Min: 0.0, Avg: 0.8, Max: 1.6, Diff: 1.6, Sum: 1.6]
      [Update RS (ms): Min: 1.4, Avg: 3.8, Max: 6.3, Diff: 4.9, Sum: 7.7]
         [Processed Buffers: Min: 24, Avg: 38.0, Max: 52, Diff: 28, Sum: 76]
      [Scan RS (ms): Min: 0.0, Avg: 0.4, Max: 0.8, Diff: 0.8, Sum: 0.8]
      [Code Root Scanning (ms): Min: 0.0, Avg: 0.3, Max: 0.7, Diff: 0.7, Sum: 0.7]
      [Object Copy (ms): Min: 10.1, Avg: 11.7, Max: 13.4, Diff: 3.2, Sum: 23.5]
      [Termination (ms): Min: 0.0, Avg: 6.2, Max: 12.5, Diff: 12.5, Sum: 12.5]
         [Termination Attempts: Min: 1, Avg: 1.0, Max: 1, Diff: 0, Sum: 2]
      [GC Worker Other (ms): Min: 0.0, Avg: 0.0, Max: 0.0, Diff: 0.0, Sum: 0.0]
      [GC Worker Total (ms): Min: 21.3, Avg: 23.4, Max: 25.5, Diff: 4.2, Sum: 46.8]
      [GC Worker End (ms): Min: 2834020.2, Avg: 2834024.0, Max: 2834027.7, Diff: 7.6]
   [Code Root Fixup: 0.1 ms]
   [Code Root Purge: 0.0 ms]
   [Clear CT: 0.1 ms]
   [Other: 1.9 ms]
      [Choose CSet: 0.0 ms]
      [Ref Proc: 0.9 ms]
      [Ref Enq: 0.0 ms]
      [Redirty Cards: 0.3 ms]
      [Humongous Register: 0.2 ms]
      [Humongous Reclaim: 0.0 ms]
      [Free CSet: 0.1 ms]
   [Eden: 48.0M(48.0M)->0.0B(49.0M) Survivors: 3072.0K->2048.0K Heap: 194.9M(1024.0M)->135.0M(1024.0M)]
 [Times: user=0.01 sys=0.00, real=0.04 secs] 
2019-04-01T19:09:37.898+0000: 2946.579: [GC pause (G1 Evacuation Pause) (young), 0.0068218 secs]
   [Parallel Time: 5.4 ms, GC Workers: 2]
      [GC Worker Start (ms): Min: 2946579.5, Avg: 2946579.5, Max: 2946579.5, Diff: 0.1]
      [Ext Root Scanning (ms): Min: 1.4, Avg: 1.5, Max: 1.5, Diff: 0.1, Sum: 3.0]
      [Update RS (ms): Min: 0.3, Avg: 0.3, Max: 0.3, Diff: 0.1, Sum: 0.6]
         [Processed Buffers: Min: 12, Avg: 16.0, Max: 20, Diff: 8, Sum: 32]
      [Scan RS (ms): Min: 0.2, Avg: 0.5, Max: 0.7, Diff: 0.5, Sum: 0.9]
      [Code Root Scanning (ms): Min: 0.0, Avg: 0.4, Max: 0.8, Diff: 0.7, Sum: 0.8]
      [Object Copy (ms): Min: 2.4, Avg: 2.6, Max: 2.7, Diff: 0.3, Sum: 5.2]
      [Termination (ms): Min: 0.0, Avg: 0.0, Max: 0.0, Diff: 0.0, Sum: 0.0]
         [Termination Attempts: Min: 1, Avg: 1.0, Max: 1, Diff: 0, Sum: 2]
      [GC Worker Other (ms): Min: 0.0, Avg: 0.0, Max: 0.0, Diff: 0.0, Sum: 0.0]
      [GC Worker Total (ms): Min: 5.2, Avg: 5.2, Max: 5.3, Diff: 0.1, Sum: 10.5]
      [GC Worker End (ms): Min: 2946584.7, Avg: 2946584.7, Max: 2946584.7, Diff: 0.0]
   [Code Root Fixup: 0.1 ms]
   [Code Root Purge: 0.0 ms]
   [Clear CT: 0.2 ms]
   [Other: 1.2 ms]
      [Choose CSet: 0.0 ms]
      [Ref Proc: 0.2 ms]
      [Ref Enq: 0.0 ms]
      [Redirty Cards: 0.1 ms]
      [Humongous Register: 0.3 ms]
      [Humongous Reclaim: 0.0 ms]
      [Free CSet: 0.1 ms]
   [Eden: 49.0M(49.0M)->0.0B(48.0M) Survivors: 2048.0K->3072.0K Heap: 185.0M(1024.0M)->135.5M(1024.0M)]
 [Times: user=0.01 sys=0.00, real=0.00 secs] 
2019-04-01T19:11:01.471+0000: 3030.152: [GC pause (G1 Evacuation Pause) (young), 0.0063310 secs]
   [Parallel Time: 5.2 ms, GC Workers: 2]
      [GC Worker Start (ms): Min: 3030152.8, Avg: 3030152.8, Max: 3030152.8, Diff: 0.0]
      [Ext Root Scanning (ms): Min: 1.2, Avg: 1.2, Max: 1.3, Diff: 0.1, Sum: 2.4]
      [Update RS (ms): Min: 0.6, Avg: 0.6, Max: 0.7, Diff: 0.2, Sum: 1.3]
         [Processed Buffers: Min: 3, Avg: 7.0, Max: 11, Diff: 8, Sum: 14]
      [Scan RS (ms): Min: 0.0, Avg: 0.0, Max: 0.1, Diff: 0.1, Sum: 0.1]
      [Code Root Scanning (ms): Min: 0.0, Avg: 0.5, Max: 1.0, Diff: 1.0, Sum: 1.0]
      [Object Copy (ms): Min: 2.2, Avg: 2.7, Max: 3.2, Diff: 1.0, Sum: 5.4]
      [Termination (ms): Min: 0.0, Avg: 0.0, Max: 0.0, Diff: 0.0, Sum: 0.0]
         [Termination Attempts: Min: 1, Avg: 1.0, Max: 1, Diff: 0, Sum: 2]
      [GC Worker Other (ms): Min: 0.0, Avg: 0.0, Max: 0.0, Diff: 0.0, Sum: 0.0]
      [GC Worker Total (ms): Min: 5.1, Avg: 5.1, Max: 5.1, Diff: 0.0, Sum: 10.2]
      [GC Worker End (ms): Min: 3030157.9, Avg: 3030157.9, Max: 3030157.9, Diff: 0.0]
   [Code Root Fixup: 0.0 ms]
   [Code Root Purge: 0.0 ms]
   [Clear CT: 0.1 ms]
   [Other: 1.0 ms]
      [Choose CSet: 0.0 ms]
      [Ref Proc: 0.1 ms]
      [Ref Enq: 0.0 ms]
      [Redirty Cards: 0.0 ms]
      [Humongous Register: 0.3 ms]
      [Humongous Reclaim: 0.0 ms]
      [Free CSet: 0.1 ms]
   [Eden: 48.0M(48.0M)->0.0B(48.0M) Survivors: 3072.0K->3072.0K Heap: 183.5M(1024.0M)->135.4M(1024.0M)]
 [Times: user=0.01 sys=0.00, real=0.01 secs] 
2019-04-01T19:11:52.607+0000: 3081.288: [GC pause (G1 Evacuation Pause) (young), 0.0058189 secs]
   [Parallel Time: 4.9 ms, GC Workers: 2]
      [GC Worker Start (ms): Min: 3081288.5, Avg: 3081288.5, Max: 3081288.5, Diff: 0.0]
      [Ext Root Scanning (ms): Min: 1.1, Avg: 1.2, Max: 1.2, Diff: 0.1, Sum: 2.3]
      [Update RS (ms): Min: 0.6, Avg: 0.6, Max: 0.6, Diff: 0.1, Sum: 1.2]
         [Processed Buffers: Min: 2, Avg: 7.5, Max: 13, Diff: 11, Sum: 15]
      [Scan RS (ms): Min: 0.0, Avg: 0.0, Max: 0.0, Diff: 0.0, Sum: 0.0]
      [Code Root Scanning (ms): Min: 0.0, Avg: 0.5, Max: 1.0, Diff: 1.0, Sum: 1.0]
      [Object Copy (ms): Min: 2.1, Avg: 2.5, Max: 3.0, Diff: 0.8, Sum: 5.1]
      [Termination (ms): Min: 0.0, Avg: 0.0, Max: 0.0, Diff: 0.0, Sum: 0.0]
         [Termination Attempts: Min: 1, Avg: 1.0, Max: 1, Diff: 0, Sum: 2]
      [GC Worker Other (ms): Min: 0.0, Avg: 0.0, Max: 0.0, Diff: 0.0, Sum: 0.0]
      [GC Worker Total (ms): Min: 4.8, Avg: 4.8, Max: 4.8, Diff: 0.0, Sum: 9.7]
      [GC Worker End (ms): Min: 3081293.3, Avg: 3081293.3, Max: 3081293.3, Diff: 0.0]
   [Code Root Fixup: 0.0 ms]
   [Code Root Purge: 0.0 ms]
   [Clear CT: 0.1 ms]
   [Other: 0.8 ms]
      [Choose CSet: 0.0 ms]
      [Ref Proc: 0.2 ms]
      [Ref Enq: 0.0 ms]
      [Redirty Cards: 0.0 ms]
      [Humongous Register: 0.2 ms]
      [Humongous Reclaim: 0.0 ms]
      [Free CSet: 0.1 ms]
   [Eden: 48.0M(48.0M)->0.0B(48.0M) Survivors: 3072.0K->3072.0K Heap: 183.4M(1024.0M)->135.7M(1024.0M)]
 [Times: user=0.01 sys=0.00, real=0.00 secs] 
2019-04-01T19:12:42.808+0000: 3131.489: [GC pause (G1 Evacuation Pause) (young), 0.0059235 secs]
   [Parallel Time: 4.9 ms, GC Workers: 2]
      [GC Worker Start (ms): Min: 3131489.6, Avg: 3131489.6, Max: 3131489.7, Diff: 0.0]
      [Ext Root Scanning (ms): Min: 1.0, Avg: 1.1, Max: 1.2, Diff: 0.1, Sum: 2.2]
      [Update RS (ms): Min: 0.6, Avg: 0.6, Max: 0.6, Diff: 0.1, Sum: 1.2]
         [Processed Buffers: Min: 2, Avg: 7.0, Max: 12, Diff: 10, Sum: 14]
      [Scan RS (ms): Min: 0.0, Avg: 0.0, Max: 0.0, Diff: 0.0, Sum: 0.0]
      [Code Root Scanning (ms): Min: 0.0, Avg: 0.5, Max: 1.1, Diff: 1.1, Sum: 1.1]
      [Object Copy (ms): Min: 2.2, Avg: 2.6, Max: 3.0, Diff: 0.9, Sum: 5.2]
      [Termination (ms): Min: 0.0, Avg: 0.0, Max: 0.0, Diff: 0.0, Sum: 0.0]
         [Termination Attempts: Min: 1, Avg: 1.0, Max: 1, Diff: 0, Sum: 2]
      [GC Worker Other (ms): Min: 0.0, Avg: 0.0, Max: 0.0, Diff: 0.0, Sum: 0.0]
      [GC Worker Total (ms): Min: 4.9, Avg: 4.9, Max: 4.9, Diff: 0.0, Sum: 9.8]
      [GC Worker End (ms): Min: 3131494.5, Avg: 3131494.5, Max: 3131494.5, Diff: 0.0]
   [Code Root Fixup: 0.0 ms]
   [Code Root Purge: 0.0 ms]
   [Clear CT: 0.1 ms]
   [Other: 0.9 ms]
      [Choose CSet: 0.0 ms]
      [Ref Proc: 0.1 ms]
      [Ref Enq: 0.0 ms]
      [Redirty Cards: 0.0 ms]
      [Humongous Register: 0.3 ms]
      [Humongous Reclaim: 0.0 ms]
      [Free CSet: 0.1 ms]
   [Eden: 48.0M(48.0M)->0.0B(81.0M) Survivors: 3072.0K->2048.0K Heap: 183.7M(1024.0M)->135.0M(1024.0M)]
 [Times: user=0.00 sys=0.00, real=0.00 secs] 
